node:internal/modules/cjs/loader:1404
  throw err;
  ^

Error: Cannot find module '../server/require-hook'
Require stack:
- c:\Users\nites\Desktop\New folder (2)\dubai-mall-deck\node_modules\next\dist\bin\next
    at Function._resolveFilename (node:internal/modules/cjs/loader:1401:15)
    at defaultResolveImpl (node:internal/modules/cjs/loader:1057:19)
    at resolveForCJSWithHooks (node:internal/modules/cjs/loader:1062:22)
    at Function._load (node:internal/modules/cjs/loader:1211:37)
    at TracingChannel.traceSync (node:diagnostics_channel:322:14)
    at wrapModuleLoad (node:internal/modules/cjs/loader:235:24)
    at Module.require (node:internal/modules/cjs/loader:1487:12)
    at require (node:internal/modules/helpers:135:16)
    at Object.<anonymous> (c:\Users\nites\Desktop\New folder (2)\dubai-mall-deck\node_modules\next\dist\bin\next:6:1)
    at Module._compile (node:internal/modules/cjs/loader:1730:14) {
  code: 'MODULE_NOT_FOUND',
  requireStack: [
    'c:\\Users\\nites\\Desktop\\New folder (2)\\dubai-mall-deck\\node_modules\\next\\dist\\bin\\next'
  ]
}

Node.js v22.17.1
